# Cluster Growing Summary (mri_surfcluster)
# $Id: mri_surfcluster.c,v 1.57.2.3 2016/11/17 18:19:42 zkaufman Exp $
# $Id: mrisurf.c,v 1.781.2.6 2016/12/27 16:47:14 zkaufman Exp $
# CreationTime 2023/05/05-09:48:20-GMT
# cmdline mri_surfcluster.bin --in /home/r095290/datin_ELS/scripts/lh.els_2.w_g.pct/stack2.p.mgh --csd /mnt/appl/tools/freesurfer/6.0.0/average/mult-comp-cor/fsaverage/lh/cortex/fwhm16/abs/th30/mc-z.csd --cwsig /home/r095290/datin_ELS/scripts/lh.els_2.w_g.pct/stack2.cache.th30.abs.sig.cluster.mgh --vwsig /home/r095290/datin_ELS/scripts/lh.els_2.w_g.pct/stack2.cache.th30.abs.sig.voxel.mgh --sum /home/r095290/datin_ELS/scripts/lh.els_2.w_g.pct/stack2.cache.th30.abs.sig.cluster.summary --ocn /home/r095290/datin_ELS/scripts/lh.els_2.w_g.pct/stack2.cache.th30.abs.sig.ocn.mgh --oannot /home/r095290/datin_ELS/scripts/lh.els_2.w_g.pct/stack2.cache.th30.abs.sig.ocn.annot --annot aparc --cwpvalthresh 0.025 --o /home/r095290/datin_ELS/scripts/lh.els_2.w_g.pct/stack2.cache.th30.abs.sig.masked.mgh --no-fixmni --surf white --mask /home/r095290/datin_ELS/scripts/lh.els_2.w_g.pct/finalMask.mgh 
# cwd /home/r095290/datin_ELS/scripts
# sysname  Linux
# hostname kpsy0001l002
# machine  x86_64
# FixVertexAreaFlag 1
# FixSurfClusterArea 1
# 
# Input      /home/r095290/datin_ELS/scripts/lh.els_2.w_g.pct/stack2.p.mgh
# Frame Number      0
# srcsubj fsaverage
# hemi lh
# surface white
# group_avg_surface_area 82220
# group_avg_vtxarea_loaded 1
# annot aparc
# SUBJECTS_DIR /mnt/data/genr/mrdata/GenR_MRI/bids/derivatives/freesurfer/6.0.0
# SearchSpace_mm2 75027.2
# SearchSpace_vtx 146215
# Bonferroni 0
# Minimum Threshold 3
# Maximum Threshold infinity
# Threshold Sign    abs
# AdjustThreshWhenOneTail 1
# CW PValue Threshold: 0.025 
# Area Threshold    0 mm^2
# CSD thresh  3.000000
# CSD nreps    10000
# CSD simtype  null-z
# CSD contrast NA
# CSD confint  90.000000
# Overall max 10.8695 at vertex 19381
# Overall min 0 at vertex 8
# NClusters          10
# FixMNI = 0
# 
# ClusterNo  Max   VtxMax   Size(mm^2)  MNIX   MNIY   MNIZ    CWP    CWPLow    CWPHi   NVtxs    WghtVtx   Annot
   1       10.869   19381   9272.94    -62.6   -9.8   13.4  0.00010  0.00000  0.00020  21216   104209.45  postcentral
   2        9.322    5480   1749.79    -20.3  -11.7  -30.1  0.00010  0.00000  0.00020   3054    13053.35  entorhinal
   3        7.667  153713   1254.95    -31.3   23.4  -19.9  0.00010  0.00000  0.00020   2526    11315.27  lateralorbitofrontal
   4        8.990   49509   1205.75    -61.2  -51.8   -1.7  0.00010  0.00000  0.00020   2093     9062.17  middletemporal
   5        5.644  129478    786.27     -7.4  -13.3   67.2  0.00010  0.00000  0.00020   1713     6782.04  superiorfrontal
   6        5.685  162414    587.52    -23.2  -71.7    6.2  0.00010  0.00000  0.00020   1191     4603.30  pericalcarine
   7        7.056  144323    430.80    -25.0  -40.9  -10.3  0.00010  0.00000  0.00020    873     3872.63  parahippocampal
   8        6.711   43051    400.46     -4.1  -39.9   63.9  0.00030  0.00010  0.00050   1044     4443.87  paracentral
   9        5.725   87534    293.25    -11.5  -80.8   29.3  0.00290  0.00220  0.00360    398     1621.52  cuneus
  10        7.394   81405    286.04    -28.4  -53.1   49.9  0.00320  0.00250  0.00390    739     3555.07  superiorparietal
