# Cluster Growing Summary (mri_surfcluster)
# $Id: mri_surfcluster.c,v 1.57.2.3 2016/11/17 18:19:42 zkaufman Exp $
# $Id: mrisurf.c,v 1.781.2.6 2016/12/27 16:47:14 zkaufman Exp $
# CreationTime 2023/12/11-15:32:22-GMT
# cmdline mri_surfcluster.bin --in /home/r095290/datin_ELS/scripts/lh.pre_els_4.w_g.pct/stack2.p.mgh --csd /mnt/appl/tools/freesurfer/6.0.0/average/mult-comp-cor/fsaverage/lh/cortex/fwhm16/abs/th30/mc-z.csd --cwsig /home/r095290/datin_ELS/scripts/lh.pre_els_4.w_g.pct/stack2.cache.th30.abs.sig.cluster.mgh --vwsig /home/r095290/datin_ELS/scripts/lh.pre_els_4.w_g.pct/stack2.cache.th30.abs.sig.voxel.mgh --sum /home/r095290/datin_ELS/scripts/lh.pre_els_4.w_g.pct/stack2.cache.th30.abs.sig.cluster.summary --ocn /home/r095290/datin_ELS/scripts/lh.pre_els_4.w_g.pct/stack2.cache.th30.abs.sig.ocn.mgh --oannot /home/r095290/datin_ELS/scripts/lh.pre_els_4.w_g.pct/stack2.cache.th30.abs.sig.ocn.annot --annot aparc --cwpvalthresh 0.025 --o /home/r095290/datin_ELS/scripts/lh.pre_els_4.w_g.pct/stack2.cache.th30.abs.sig.masked.mgh --no-fixmni --surf white --mask /home/r095290/datin_ELS/scripts/lh.pre_els_4.w_g.pct/finalMask.mgh 
# cwd /home/r095290/datin_ELS/scripts
# sysname  Linux
# hostname kpsy0001l002
# machine  x86_64
# FixVertexAreaFlag 1
# FixSurfClusterArea 1
# 
# Input      /home/r095290/datin_ELS/scripts/lh.pre_els_4.w_g.pct/stack2.p.mgh
# Frame Number      0
# srcsubj fsaverage
# hemi lh
# surface white
# group_avg_surface_area 82220
# group_avg_vtxarea_loaded 1
# annot aparc
# SUBJECTS_DIR /mnt/data/genr/mrdata/GenR_MRI/bids/derivatives/freesurfer/6.0.0/tmp/
# SearchSpace_mm2 75027.2
# SearchSpace_vtx 146215
# Bonferroni 0
# Minimum Threshold 3
# Maximum Threshold infinity
# Threshold Sign    abs
# AdjustThreshWhenOneTail 1
# CW PValue Threshold: 0.025 
# Area Threshold    0 mm^2
# CSD thresh  3.000000
# CSD nreps    10000
# CSD simtype  null-z
# CSD contrast NA
# CSD confint  90.000000
# Overall max 7.66415 at vertex 99795
# Overall min 0 at vertex 8
# NClusters          12
# FixMNI = 0
# 
# ClusterNo  Max   VtxMax   Size(mm^2)  MNIX   MNIY   MNIZ    CWP    CWPLow    CWPHi   NVtxs    WghtVtx   Annot
   1        5.773   47029   2385.13    -48.0   -0.5   31.4  0.00010  0.00000  0.00020   4926    19117.02  precentral
   2        5.494  129482    677.41     -8.8  -12.1   68.7  0.00010  0.00000  0.00020   1573     6003.38  superiorfrontal
   3        6.641   81536    470.00    -31.2  -37.8   52.4  0.00010  0.00000  0.00020   1140     4594.02  superiorparietal
   4        5.160   60033    449.76     -4.6  -37.1   62.1  0.00010  0.00000  0.00020   1136     4012.69  paracentral
   5        7.664   99795    442.50    -21.2  -55.8   -1.9  0.00010  0.00000  0.00020   1005     4131.60  lingual
   6        4.979   93926    422.66    -49.2  -25.2   44.3  0.00010  0.00000  0.00020   1022     3897.28  postcentral
   7        5.983  153794    297.46    -30.5   24.5  -19.3  0.00270  0.00200  0.00340    566     2331.85  lateralorbitofrontal
   8        5.715  130154    263.01    -26.4  -54.6   45.7  0.00490  0.00400  0.00580    745     2879.40  superiorparietal
   9        4.084  162709    246.77    -19.2  -87.3   -7.6  0.00800  0.00690  0.00920    264      919.67  lateraloccipital
  10        4.890   85168    233.31    -36.2  -14.5    9.9  0.01010  0.00880  0.01140    487     1827.95  insula
  11        4.851   59118    220.87    -62.0  -40.5   -7.7  0.01370  0.01220  0.01520    394     1486.48  middletemporal
  12        5.553   14118    199.96    -21.5  -24.1   58.7  0.02210  0.02020  0.02400    458     1883.59  precentral
