# Cluster Growing Summary (mri_surfcluster)
# $Id: mri_surfcluster.c,v 1.57.2.3 2016/11/17 18:19:42 zkaufman Exp $
# $Id: mrisurf.c,v 1.781.2.6 2016/12/27 16:47:14 zkaufman Exp $
# CreationTime 2023/12/11-15:50:11-GMT
# cmdline mri_surfcluster.bin --in /home/r095290/datin_ELS/scripts/rh.pre_els_1.w_g.pct/stack2.p.mgh --csd /mnt/appl/tools/freesurfer/6.0.0/average/mult-comp-cor/fsaverage/rh/cortex/fwhm16/abs/th30/mc-z.csd --cwsig /home/r095290/datin_ELS/scripts/rh.pre_els_1.w_g.pct/stack2.cache.th30.abs.sig.cluster.mgh --vwsig /home/r095290/datin_ELS/scripts/rh.pre_els_1.w_g.pct/stack2.cache.th30.abs.sig.voxel.mgh --sum /home/r095290/datin_ELS/scripts/rh.pre_els_1.w_g.pct/stack2.cache.th30.abs.sig.cluster.summary --ocn /home/r095290/datin_ELS/scripts/rh.pre_els_1.w_g.pct/stack2.cache.th30.abs.sig.ocn.mgh --oannot /home/r095290/datin_ELS/scripts/rh.pre_els_1.w_g.pct/stack2.cache.th30.abs.sig.ocn.annot --annot aparc --cwpvalthresh 0.025 --o /home/r095290/datin_ELS/scripts/rh.pre_els_1.w_g.pct/stack2.cache.th30.abs.sig.masked.mgh --no-fixmni --surf white --mask /home/r095290/datin_ELS/scripts/rh.pre_els_1.w_g.pct/finalMask.mgh 
# cwd /home/r095290/datin_ELS/scripts
# sysname  Linux
# hostname kpsy0001l002
# machine  x86_64
# FixVertexAreaFlag 1
# FixSurfClusterArea 1
# 
# Input      /home/r095290/datin_ELS/scripts/rh.pre_els_1.w_g.pct/stack2.p.mgh
# Frame Number      0
# srcsubj fsaverage
# hemi rh
# surface white
# group_avg_surface_area 82167.6
# group_avg_vtxarea_loaded 1
# annot aparc
# SUBJECTS_DIR /mnt/data/genr/mrdata/GenR_MRI/bids/derivatives/freesurfer/6.0.0/tmp/
# SearchSpace_mm2 74768.6
# SearchSpace_vtx 145833
# Bonferroni 0
# Minimum Threshold 3
# Maximum Threshold infinity
# Threshold Sign    abs
# AdjustThreshWhenOneTail 1
# CW PValue Threshold: 0.025 
# Area Threshold    0 mm^2
# CSD thresh  3.000000
# CSD nreps    10000
# CSD simtype  null-z
# CSD contrast NA
# CSD confint  90.000000
# Overall max 6.35416 at vertex 61799
# Overall min 0 at vertex 10
# NClusters          7
# FixMNI = 0
# 
# ClusterNo  Max   VtxMax   Size(mm^2)  MNIX   MNIY   MNIZ    CWP    CWPLow    CWPHi   NVtxs    WghtVtx   Annot
   1        6.354   61799    638.33     39.4  -60.6   10.4  0.00010  0.00000  0.00020   1241     4799.68  inferiorparietal
   2        5.701   88885    388.24     54.7  -25.5    7.0  0.00040  0.00020  0.00070    795     2994.72  superiortemporal
   3        5.811  104640    317.01     50.2  -25.6   36.3  0.00160  0.00110  0.00210    836     3265.00  supramarginal
   4        4.705  136234    292.56     36.2  -17.4   10.9  0.00350  0.00280  0.00430    919     3379.66  insula
   5        4.809   39207    271.52     35.1  -81.7    1.5  0.00470  0.00380  0.00560    398     1514.83  lateraloccipital
   6        3.898  156835    220.45     18.1  -76.7   25.3  0.01570  0.01410  0.01730    332     1132.27  precuneus
   7        5.061   48447    209.94      5.9  -16.4   68.8  0.01850  0.01680  0.02020    519     2005.43  paracentral
