# Cluster Growing Summary (mri_surfcluster)
# $Id: mri_surfcluster.c,v 1.57.2.3 2016/11/17 18:19:42 zkaufman Exp $
# $Id: mrisurf.c,v 1.781.2.6 2016/12/27 16:47:14 zkaufman Exp $
# CreationTime 2023/12/11-16:17:07-GMT
# cmdline mri_surfcluster.bin --in /home/r095290/datin_ELS/scripts/rh.pre_els_global.w_g.pct/stack2.p.mgh --csd /mnt/appl/tools/freesurfer/6.0.0/average/mult-comp-cor/fsaverage/rh/cortex/fwhm16/abs/th30/mc-z.csd --cwsig /home/r095290/datin_ELS/scripts/rh.pre_els_global.w_g.pct/stack2.cache.th30.abs.sig.cluster.mgh --vwsig /home/r095290/datin_ELS/scripts/rh.pre_els_global.w_g.pct/stack2.cache.th30.abs.sig.voxel.mgh --sum /home/r095290/datin_ELS/scripts/rh.pre_els_global.w_g.pct/stack2.cache.th30.abs.sig.cluster.summary --ocn /home/r095290/datin_ELS/scripts/rh.pre_els_global.w_g.pct/stack2.cache.th30.abs.sig.ocn.mgh --oannot /home/r095290/datin_ELS/scripts/rh.pre_els_global.w_g.pct/stack2.cache.th30.abs.sig.ocn.annot --annot aparc --cwpvalthresh 0.025 --o /home/r095290/datin_ELS/scripts/rh.pre_els_global.w_g.pct/stack2.cache.th30.abs.sig.masked.mgh --no-fixmni --surf white --mask /home/r095290/datin_ELS/scripts/rh.pre_els_global.w_g.pct/finalMask.mgh 
# cwd /home/r095290/datin_ELS/scripts
# sysname  Linux
# hostname kpsy0001l002
# machine  x86_64
# FixVertexAreaFlag 1
# FixSurfClusterArea 1
# 
# Input      /home/r095290/datin_ELS/scripts/rh.pre_els_global.w_g.pct/stack2.p.mgh
# Frame Number      0
# srcsubj fsaverage
# hemi rh
# surface white
# group_avg_surface_area 82167.6
# group_avg_vtxarea_loaded 1
# annot aparc
# SUBJECTS_DIR /mnt/data/genr/mrdata/GenR_MRI/bids/derivatives/freesurfer/6.0.0/tmp/
# SearchSpace_mm2 74768.6
# SearchSpace_vtx 145833
# Bonferroni 0
# Minimum Threshold 3
# Maximum Threshold infinity
# Threshold Sign    abs
# AdjustThreshWhenOneTail 1
# CW PValue Threshold: 0.025 
# Area Threshold    0 mm^2
# CSD thresh  3.000000
# CSD nreps    10000
# CSD simtype  null-z
# CSD contrast NA
# CSD confint  90.000000
# Overall max 10.1866 at vertex 158654
# Overall min 0 at vertex 10
# NClusters          10
# FixMNI = 0
# 
# ClusterNo  Max   VtxMax   Size(mm^2)  MNIX   MNIY   MNIZ    CWP    CWPLow    CWPHi   NVtxs    WghtVtx   Annot
   1       10.187  158654   8278.17     33.6  -80.5    2.4  0.00010  0.00000  0.00020  16886    79300.97  lateraloccipital
   2        9.099  140336   6758.40     38.0  -34.3   55.9  0.00010  0.00000  0.00020  16022    72859.81  postcentral
   3        8.868   86549   1004.79     24.5  -65.9    2.0  0.00010  0.00000  0.00020   2070    10112.49  lingual
   4        6.080   17773    846.38     13.7    9.6   60.2  0.00010  0.00000  0.00020   1821     7154.19  superiorfrontal
   5        8.092   79600    697.23     27.8  -44.2   -7.0  0.00010  0.00000  0.00020   1253     5438.54  parahippocampal
   6        5.965   21096    519.81     13.8  -79.0   25.2  0.00010  0.00000  0.00020    807     3206.35  cuneus
   7        5.533   20253    370.58     29.2   25.7  -19.0  0.00040  0.00020  0.00070    770     3007.44  lateralorbitofrontal
   8        7.319   86734    212.54     28.7  -53.1   42.3  0.01800  0.01630  0.01970    563     2632.20  superiorparietal
   9        5.041  119142    205.14     28.1  -96.8   -1.5  0.02050  0.01870  0.02230    227      875.70  lateraloccipital
  10        5.263   26011    195.01      9.4  -65.2   57.9  0.02450  0.02250  0.02650    470     1892.51  superiorparietal
