# Cluster Growing Summary (mri_surfcluster)
# $Id: mri_surfcluster.c,v 1.57.2.3 2016/11/17 18:19:42 zkaufman Exp $
# $Id: mrisurf.c,v 1.781.2.6 2016/12/27 16:47:14 zkaufman Exp $
# CreationTime 2023/05/05-10:08:43-GMT
# cmdline mri_surfcluster.bin --in /home/r095290/datin_ELS/scripts/lh.els_5.w_g.pct/stack4.p.mgh --csd /mnt/appl/tools/freesurfer/6.0.0/average/mult-comp-cor/fsaverage/lh/cortex/fwhm16/abs/th30/mc-z.csd --cwsig /home/r095290/datin_ELS/scripts/lh.els_5.w_g.pct/stack4.cache.th30.abs.sig.cluster.mgh --vwsig /home/r095290/datin_ELS/scripts/lh.els_5.w_g.pct/stack4.cache.th30.abs.sig.voxel.mgh --sum /home/r095290/datin_ELS/scripts/lh.els_5.w_g.pct/stack4.cache.th30.abs.sig.cluster.summary --ocn /home/r095290/datin_ELS/scripts/lh.els_5.w_g.pct/stack4.cache.th30.abs.sig.ocn.mgh --oannot /home/r095290/datin_ELS/scripts/lh.els_5.w_g.pct/stack4.cache.th30.abs.sig.ocn.annot --annot aparc --cwpvalthresh 0.025 --o /home/r095290/datin_ELS/scripts/lh.els_5.w_g.pct/stack4.cache.th30.abs.sig.masked.mgh --no-fixmni --surf white --mask /home/r095290/datin_ELS/scripts/lh.els_5.w_g.pct/finalMask.mgh 
# cwd /home/r095290/datin_ELS/scripts
# sysname  Linux
# hostname kpsy0001l002
# machine  x86_64
# FixVertexAreaFlag 1
# FixSurfClusterArea 1
# 
# Input      /home/r095290/datin_ELS/scripts/lh.els_5.w_g.pct/stack4.p.mgh
# Frame Number      0
# srcsubj fsaverage
# hemi lh
# surface white
# group_avg_surface_area 82220
# group_avg_vtxarea_loaded 1
# annot aparc
# SUBJECTS_DIR /mnt/data/genr/mrdata/GenR_MRI/bids/derivatives/freesurfer/6.0.0
# SearchSpace_mm2 75027.2
# SearchSpace_vtx 146215
# Bonferroni 0
# Minimum Threshold 3
# Maximum Threshold infinity
# Threshold Sign    abs
# AdjustThreshWhenOneTail 1
# CW PValue Threshold: 0.025 
# Area Threshold    0 mm^2
# CSD thresh  3.000000
# CSD nreps    10000
# CSD simtype  null-z
# CSD contrast NA
# CSD confint  90.000000
# Overall max 31.2191 at vertex 3705
# Overall min 0 at vertex 8
# NClusters          4
# FixMNI = 0
# 
# ClusterNo  Max   VtxMax   Size(mm^2)  MNIX   MNIY   MNIZ    CWP    CWPLow    CWPHi   NVtxs    WghtVtx   Annot
   1       31.219    3705  34124.72    -31.7    5.6   10.6  0.00010  0.00000  0.00020  65774   439757.94  insula
   2        6.319   16683    867.25     -7.9   20.6   45.1  0.00010  0.00000  0.00020   1495     6221.11  superiorfrontal
   3       11.091   83519    791.41     -9.1    7.6   35.9  0.00010  0.00000  0.00020   1825    10865.03  caudalanteriorcingulate
   4        6.761   55616    309.99    -41.7  -76.1   11.8  0.00230  0.00170  0.00290    537     2281.43  inferiorparietal
