# Cluster Growing Summary (mri_surfcluster)
# $Id: mri_surfcluster.c,v 1.57.2.3 2016/11/17 18:19:42 zkaufman Exp $
# $Id: mrisurf.c,v 1.781.2.6 2016/12/27 16:47:14 zkaufman Exp $
# CreationTime 2023/05/05-10:20:28-GMT
# cmdline mri_surfcluster.bin --in /home/r095290/datin_ELS/scripts/lh.els_global.w_g.pct/stack3.p.mgh --csd /mnt/appl/tools/freesurfer/6.0.0/average/mult-comp-cor/fsaverage/lh/cortex/fwhm16/abs/th30/mc-z.csd --cwsig /home/r095290/datin_ELS/scripts/lh.els_global.w_g.pct/stack3.cache.th30.abs.sig.cluster.mgh --vwsig /home/r095290/datin_ELS/scripts/lh.els_global.w_g.pct/stack3.cache.th30.abs.sig.voxel.mgh --sum /home/r095290/datin_ELS/scripts/lh.els_global.w_g.pct/stack3.cache.th30.abs.sig.cluster.summary --ocn /home/r095290/datin_ELS/scripts/lh.els_global.w_g.pct/stack3.cache.th30.abs.sig.ocn.mgh --oannot /home/r095290/datin_ELS/scripts/lh.els_global.w_g.pct/stack3.cache.th30.abs.sig.ocn.annot --annot aparc --cwpvalthresh 0.025 --o /home/r095290/datin_ELS/scripts/lh.els_global.w_g.pct/stack3.cache.th30.abs.sig.masked.mgh --no-fixmni --surf white --mask /home/r095290/datin_ELS/scripts/lh.els_global.w_g.pct/finalMask.mgh 
# cwd /home/r095290/datin_ELS/scripts
# sysname  Linux
# hostname kpsy0001l002
# machine  x86_64
# FixVertexAreaFlag 1
# FixSurfClusterArea 1
# 
# Input      /home/r095290/datin_ELS/scripts/lh.els_global.w_g.pct/stack3.p.mgh
# Frame Number      0
# srcsubj fsaverage
# hemi lh
# surface white
# group_avg_surface_area 82220
# group_avg_vtxarea_loaded 1
# annot aparc
# SUBJECTS_DIR /mnt/data/genr/mrdata/GenR_MRI/bids/derivatives/freesurfer/6.0.0
# SearchSpace_mm2 75027.2
# SearchSpace_vtx 146215
# Bonferroni 0
# Minimum Threshold 3
# Maximum Threshold infinity
# Threshold Sign    abs
# AdjustThreshWhenOneTail 1
# CW PValue Threshold: 0.025 
# Area Threshold    0 mm^2
# CSD thresh  3.000000
# CSD nreps    10000
# CSD simtype  null-z
# CSD contrast NA
# CSD confint  90.000000
# Overall max 25.4706 at vertex 11058
# Overall min 0 at vertex 8
# NClusters          10
# FixMNI = 0
# 
# ClusterNo  Max   VtxMax   Size(mm^2)  MNIX   MNIY   MNIZ    CWP    CWPLow    CWPHi   NVtxs    WghtVtx   Annot
   1       25.471   11058  12087.65    -26.8  -23.9   53.4  0.00010  0.00000  0.00020  29170   213970.34  precentral
   2       19.797  114639  11879.46    -18.7  -85.0   -9.5  0.00010  0.00000  0.00020  19956   126693.42  lingual
   3       12.870    5227   3284.93    -18.7  -71.8   16.6  0.00010  0.00000  0.00020   5480    34911.05  cuneus
   4        6.635   42055   1349.24     -7.9   64.4   -3.2  0.00010  0.00000  0.00020   1979     7772.33  frontalpole
   5        4.492  124157    467.09    -17.9   34.1   39.9  0.00010  0.00000  0.00020    751     2563.05  superiorfrontal
   6        4.462   32339    304.33    -23.7   48.9   11.4  0.00230  0.00170  0.00290    438     1635.89  rostralmiddlefrontal
   7        6.239   67849    276.66     -8.9   44.7  -20.4  0.00400  0.00320  0.00480    470     2065.35  medialorbitofrontal
   8        3.867   19173    258.64    -35.3   34.7   28.7  0.00590  0.00490  0.00690    388     1300.22  rostralmiddlefrontal
   9        4.731   80391    234.15    -36.1   15.5   30.3  0.01000  0.00870  0.01130    417     1524.14  caudalmiddlefrontal
  10        3.622   49806    199.23    -39.2    9.3   42.4  0.02230  0.02040  0.02420    296      968.40  caudalmiddlefrontal
