# Cluster Growing Summary (mri_surfcluster)
# $Id: mri_surfcluster.c,v 1.57.2.3 2016/11/17 18:19:42 zkaufman Exp $
# $Id: mrisurf.c,v 1.781.2.6 2016/12/27 16:47:14 zkaufman Exp $
# CreationTime 2023/05/05-11:12:05-GMT
# cmdline mri_surfcluster.bin --in /home/r095290/datin_ELS/scripts/rh.age_associations.w_g.pct/stack2.p.mgh --csd /mnt/appl/tools/freesurfer/6.0.0/average/mult-comp-cor/fsaverage/rh/cortex/fwhm16/abs/th30/mc-z.csd --cwsig /home/r095290/datin_ELS/scripts/rh.age_associations.w_g.pct/stack2.cache.th30.abs.sig.cluster.mgh --vwsig /home/r095290/datin_ELS/scripts/rh.age_associations.w_g.pct/stack2.cache.th30.abs.sig.voxel.mgh --sum /home/r095290/datin_ELS/scripts/rh.age_associations.w_g.pct/stack2.cache.th30.abs.sig.cluster.summary --ocn /home/r095290/datin_ELS/scripts/rh.age_associations.w_g.pct/stack2.cache.th30.abs.sig.ocn.mgh --oannot /home/r095290/datin_ELS/scripts/rh.age_associations.w_g.pct/stack2.cache.th30.abs.sig.ocn.annot --annot aparc --cwpvalthresh 0.025 --o /home/r095290/datin_ELS/scripts/rh.age_associations.w_g.pct/stack2.cache.th30.abs.sig.masked.mgh --no-fixmni --surf white --mask /home/r095290/datin_ELS/scripts/rh.age_associations.w_g.pct/finalMask.mgh 
# cwd /home/r095290/datin_ELS/scripts
# sysname  Linux
# hostname kpsy0001l002
# machine  x86_64
# FixVertexAreaFlag 1
# FixSurfClusterArea 1
# 
# Input      /home/r095290/datin_ELS/scripts/rh.age_associations.w_g.pct/stack2.p.mgh
# Frame Number      0
# srcsubj fsaverage
# hemi rh
# surface white
# group_avg_surface_area 82167.6
# group_avg_vtxarea_loaded 1
# annot aparc
# SUBJECTS_DIR /mnt/data/genr/mrdata/GenR_MRI/bids/derivatives/freesurfer/6.0.0
# SearchSpace_mm2 74768.6
# SearchSpace_vtx 145833
# Bonferroni 0
# Minimum Threshold 3
# Maximum Threshold infinity
# Threshold Sign    abs
# AdjustThreshWhenOneTail 1
# CW PValue Threshold: 0.025 
# Area Threshold    0 mm^2
# CSD thresh  3.000000
# CSD nreps    10000
# CSD simtype  null-z
# CSD contrast NA
# CSD confint  90.000000
# Overall max 21.6255 at vertex 116150
# Overall min 0 at vertex 10
# NClusters          6
# FixMNI = 0
# 
# ClusterNo  Max   VtxMax   Size(mm^2)  MNIX   MNIY   MNIZ    CWP    CWPLow    CWPHi   NVtxs    WghtVtx   Annot
   1       21.625  116150   4430.00     27.0  -21.6   57.9  0.00010  0.00000  0.00020  10574    73186.04  precentral
   2        8.719   21096   2664.51     13.8  -79.0   25.2  0.00010  0.00000  0.00020   4239    20041.36  cuneus
   3       10.753  114303   1762.41     16.5  -77.1  -11.3  0.00010  0.00000  0.00020   2109    10800.63  lingual
   4        5.583   84208    923.15     37.5    2.2    1.5  0.00010  0.00000  0.00020   2031     7475.44  insula
   5        6.204  125090    841.76     11.0   65.0    2.4  0.00010  0.00000  0.00020   1170     4924.96  superiorfrontal
   6        4.363  101841    324.67     26.0  -24.5  -24.9  0.00120  0.00080  0.00170    679     2439.70  parahippocampal
