# Cluster Growing Summary (mri_surfcluster)
# $Id: mri_surfcluster.c,v 1.57.2.3 2016/11/17 18:19:42 zkaufman Exp $
# $Id: mrisurf.c,v 1.781.2.6 2016/12/27 16:47:14 zkaufman Exp $
# CreationTime 2023/12/11-15:43:00-GMT
# cmdline mri_surfcluster.bin --in /home/r095290/datin_ELS/scripts/lh.pre_els_global.w_g.pct/stack4.p.mgh --csd /mnt/appl/tools/freesurfer/6.0.0/average/mult-comp-cor/fsaverage/lh/cortex/fwhm16/abs/th30/mc-z.csd --cwsig /home/r095290/datin_ELS/scripts/lh.pre_els_global.w_g.pct/stack4.cache.th30.abs.sig.cluster.mgh --vwsig /home/r095290/datin_ELS/scripts/lh.pre_els_global.w_g.pct/stack4.cache.th30.abs.sig.voxel.mgh --sum /home/r095290/datin_ELS/scripts/lh.pre_els_global.w_g.pct/stack4.cache.th30.abs.sig.cluster.summary --ocn /home/r095290/datin_ELS/scripts/lh.pre_els_global.w_g.pct/stack4.cache.th30.abs.sig.ocn.mgh --oannot /home/r095290/datin_ELS/scripts/lh.pre_els_global.w_g.pct/stack4.cache.th30.abs.sig.ocn.annot --annot aparc --cwpvalthresh 0.025 --o /home/r095290/datin_ELS/scripts/lh.pre_els_global.w_g.pct/stack4.cache.th30.abs.sig.masked.mgh --no-fixmni --surf white --mask /home/r095290/datin_ELS/scripts/lh.pre_els_global.w_g.pct/finalMask.mgh 
# cwd /home/r095290/datin_ELS/scripts
# sysname  Linux
# hostname kpsy0001l002
# machine  x86_64
# FixVertexAreaFlag 1
# FixSurfClusterArea 1
# 
# Input      /home/r095290/datin_ELS/scripts/lh.pre_els_global.w_g.pct/stack4.p.mgh
# Frame Number      0
# srcsubj fsaverage
# hemi lh
# surface white
# group_avg_surface_area 82220
# group_avg_vtxarea_loaded 1
# annot aparc
# SUBJECTS_DIR /mnt/data/genr/mrdata/GenR_MRI/bids/derivatives/freesurfer/6.0.0/tmp/
# SearchSpace_mm2 75027.2
# SearchSpace_vtx 146215
# Bonferroni 0
# Minimum Threshold 3
# Maximum Threshold infinity
# Threshold Sign    abs
# AdjustThreshWhenOneTail 1
# CW PValue Threshold: 0.025 
# Area Threshold    0 mm^2
# CSD thresh  3.000000
# CSD nreps    10000
# CSD simtype  null-z
# CSD contrast NA
# CSD confint  90.000000
# Overall max 30.7002 at vertex 3705
# Overall min 0 at vertex 8
# NClusters          5
# FixMNI = 0
# 
# ClusterNo  Max   VtxMax   Size(mm^2)  MNIX   MNIY   MNIZ    CWP    CWPLow    CWPHi   NVtxs    WghtVtx   Annot
   1       30.700    3705  32802.14    -31.7    5.6   10.6  0.00010  0.00000  0.00020  63213   416062.78  insula
   2        6.055   16683    826.74     -7.9   20.6   45.1  0.00010  0.00000  0.00020   1421     5738.33  superiorfrontal
   3       11.000   83519    750.69     -9.1    7.6   35.9  0.00010  0.00000  0.00020   1725    10106.98  caudalanteriorcingulate
   4        4.909  122140    370.58    -37.1  -58.3   38.4  0.00060  0.00030  0.00090    812     3092.68  inferiorparietal
   5        6.283   55616    284.94    -41.7  -76.1   11.8  0.00340  0.00270  0.00420    491     2021.02  inferiorparietal
