# Cluster Growing Summary (mri_surfcluster)
# $Id: mri_surfcluster.c,v 1.57.2.3 2016/11/17 18:19:42 zkaufman Exp $
# $Id: mrisurf.c,v 1.781.2.6 2016/12/27 16:47:14 zkaufman Exp $
# CreationTime 2023/05/05-10:14:43-GMT
# cmdline mri_surfcluster.bin --in /home/r095290/datin_ELS/scripts/lh.els_6.w_g.pct/stack3.p.mgh --csd /mnt/appl/tools/freesurfer/6.0.0/average/mult-comp-cor/fsaverage/lh/cortex/fwhm16/abs/th30/mc-z.csd --cwsig /home/r095290/datin_ELS/scripts/lh.els_6.w_g.pct/stack3.cache.th30.abs.sig.cluster.mgh --vwsig /home/r095290/datin_ELS/scripts/lh.els_6.w_g.pct/stack3.cache.th30.abs.sig.voxel.mgh --sum /home/r095290/datin_ELS/scripts/lh.els_6.w_g.pct/stack3.cache.th30.abs.sig.cluster.summary --ocn /home/r095290/datin_ELS/scripts/lh.els_6.w_g.pct/stack3.cache.th30.abs.sig.ocn.mgh --oannot /home/r095290/datin_ELS/scripts/lh.els_6.w_g.pct/stack3.cache.th30.abs.sig.ocn.annot --annot aparc --cwpvalthresh 0.025 --o /home/r095290/datin_ELS/scripts/lh.els_6.w_g.pct/stack3.cache.th30.abs.sig.masked.mgh --no-fixmni --surf white --mask /home/r095290/datin_ELS/scripts/lh.els_6.w_g.pct/finalMask.mgh 
# cwd /home/r095290/datin_ELS/scripts
# sysname  Linux
# hostname kpsy0001l002
# machine  x86_64
# FixVertexAreaFlag 1
# FixSurfClusterArea 1
# 
# Input      /home/r095290/datin_ELS/scripts/lh.els_6.w_g.pct/stack3.p.mgh
# Frame Number      0
# srcsubj fsaverage
# hemi lh
# surface white
# group_avg_surface_area 82220
# group_avg_vtxarea_loaded 1
# annot aparc
# SUBJECTS_DIR /mnt/data/genr/mrdata/GenR_MRI/bids/derivatives/freesurfer/6.0.0
# SearchSpace_mm2 75027.2
# SearchSpace_vtx 146215
# Bonferroni 0
# Minimum Threshold 3
# Maximum Threshold infinity
# Threshold Sign    abs
# AdjustThreshWhenOneTail 1
# CW PValue Threshold: 0.025 
# Area Threshold    0 mm^2
# CSD thresh  3.000000
# CSD nreps    10000
# CSD simtype  null-z
# CSD contrast NA
# CSD confint  90.000000
# Overall max 8.51995 at vertex 100037
# Overall min 0 at vertex 8
# NClusters          10
# FixMNI = 0
# 
# ClusterNo  Max   VtxMax   Size(mm^2)  MNIX   MNIY   MNIZ    CWP    CWPLow    CWPHi   NVtxs    WghtVtx   Annot
   1        8.520  100037   2708.05    -54.1   -4.6   20.2  0.00010  0.00000  0.00020   6283    30580.44  precentral
   2        5.382  114062    585.95    -42.8  -13.0  -32.5  0.00010  0.00000  0.00020   1049     3957.13  inferiortemporal
   3        5.442  138080    527.98    -23.1  -24.1   56.4  0.00010  0.00000  0.00020   1369     5097.62  precentral
   4        6.628  111001    391.11    -35.9  -17.9   10.8  0.00030  0.00010  0.00050    861     3836.49  insula
   5        5.104   65281    299.03    -38.4  -13.8   40.7  0.00260  0.00200  0.00330    692     2598.79  precentral
   6        7.030  107549    271.03    -60.8  -51.7   -2.2  0.00440  0.00360  0.00530    480     2081.71  middletemporal
   7        6.130   31687    259.64    -32.6   22.7  -15.6  0.00550  0.00460  0.00650    520     2199.03  lateralorbitofrontal
   8        4.440   90969    233.80    -21.9  -73.0    6.4  0.01000  0.00870  0.01130    509     1806.74  pericalcarine
   9        4.446  144318    233.59    -25.6  -42.8   -8.1  0.01000  0.00870  0.01130    457     1627.59  parahippocampal
  10        4.492   94238    223.65    -60.9  -31.0   34.3  0.01310  0.01170  0.01460    478     1700.81  supramarginal
